
[1m[46m RUN [49m[22m [36mv4.0.18 [39m[90mC:/Users/Arjun/Desktop/New folder/projects/magicslides[39m

node.exe : 
[90mstderr[2m | tes
ts/ai-pipeline.test.t
s[2m > [22m[2mAI 
Pipeline 
Integration[2m > 
[22m[2mshould fix 
trailing commas
At line:1 char:1
+ & "C:\Program Files
\nodejs/node.exe" 
"C:\Program 
Files\nodejs/node_mo 
...
+ ~~~~~~~~~~~~~~~~~~~
~~~~~~~~~~~~~~~~~~~~~
~~~~~~~~~~~~~~~~~~~~~
~~~~~~~~
    + CategoryInfo   
           : 
NotSpecified: (    [
90mstderr[2m...trai 
   ling 
commas:String) [    
], RemoteException
    + 
FullyQualifiedError  
  Id : 
NativeCommandErr    
or
 
[22m[39mΓÜá∩╕Å 
Last slide is not 
CTA, converting...

[90mstderr[2m | tes
ts/ai-pipeline.test.t
s[2m > [22m[2mAI 
Pipeline 
Integration[2m > 
[22m[2mshould 
enforce TITLE as 
first slide
[22m[39mΓÜá∩╕Å 
First slide is not 
TITLE, converting...

[90mstderr[2m | tes
ts/ai-pipeline.test.t
s[2m > [22m[2mAI 
Pipeline 
Integration[2m > 
[22m[2mshould 
enforce CTA as last 
slide
[22m[39mΓÜá∩╕Å 
Last slide is not 
CTA, converting...

 [32mΓ£ô[39m tests/ai-pipeline.test.ts [2m([22m[2m7 tests[22m[2m)[22m[32m 18[2mms[22m[39m

[2m Test Files [22m [1m[32m1 passed[39m[22m[90m (1)[39m
[2m      Tests [22m [1m[32m7 passed[39m[22m[90m (7)[39m
[2m   Start at [22m 11:32:37
[2m   Duration [22m 1.08s[2m (transform 187ms, setup 0ms, import 264ms, tests 18ms, environment 0ms)[22m

