node.exe : 
At line:1 char:1
+ & "C:\Program Files
\nodejs/node.exe" 
"C:\Program 
Files\nodejs/node_mo 
...
+ ~~~~~~~~~~~~~~~~~~~
~~~~~~~~~~~~~~~~~~~~~
~~~~~~~~~~~~~~~~~~~~~
~~~~~~~~
    + CategoryInfo   
           : NotSpe  
  cified: (:String   
 ) [], RemoteExce    
ption
    + FullyQualified 
   ErrorId : Native  
  CommandError
 
[31mΓÄ»ΓÄ»ΓÄ»ΓÄ»ΓÄ»Γ
Ä»ΓÄ»[39m[1m[41m 
Startup Error [49m[
22m[31mΓÄ»ΓÄ»ΓÄ»ΓÄ»Γ
Ä»ΓÄ»ΓÄ»ΓÄ»[39m
Error: Failed to 
load custom Reporter 
from basic
    at loadCustomRepo
rterModule (file:///C
:/Users/Arjun/Desktop
/New%20folder/project
s/magicslides/node_mo
dules/vitest/dist/chu
nks/cli-api.B7PN_QUv.
js:10593:9)
    at file:///C:/Use
rs/Arjun/Desktop/New%
20folder/projects/mag
icslides/node_modules
/vitest/dist/chunks/c
li-api.B7PN_QUv.js:10
609:23
    ... 3 lines 
matching cause stack 
trace ...
    at _createServer 
(file:///C:/Users/Arj
un/Desktop/New%20fold
er/projects/magicslid
es/node_modules/vites
t/node_modules/vite/d
ist/node/chunks/confi
g.js:25603:86)
    at 
createViteServer (fil
e:///C:/Users/Arjun/D
esktop/New%20folder/p
rojects/magicslides/n
ode_modules/vitest/di
st/chunks/cli-api.B7P
N_QUv.js:9870:17)
    at createVitest (
file:///C:/Users/Arju
n/Desktop/New%20folde
r/projects/magicslide
s/node_modules/vitest
/dist/chunks/cli-api.
B7PN_QUv.js:13186:17)
    at prepareVitest 
(file:///C:/Users/Arj
un/Desktop/New%20fold
er/projects/magicslid
es/node_modules/vites
t/dist/chunks/cli-api
.B7PN_QUv.js:13548:14
)
    at startVitest (f
ile:///C:/Users/Arjun
/Desktop/New%20folder
/projects/magicslides
/node_modules/vitest/
dist/chunks/cli-api.B
7PN_QUv.js:13494:14) 
{
  [cause]: Error: 
Failed to load url 
basic (resolved id: 
basic). Does the 
file exist?
      at 
reviveInvokeError (fi
le:///C:/Users/Arjun/
Desktop/New%20folder/
projects/magicslides/
node_modules/vitest/n
ode_modules/vite/dist
/node/module-runner.j
s:475:14)
      at 
Object.invoke (file:/
//C:/Users/Arjun/Desk
top/New%20folder/proj
ects/magicslides/node
_modules/vitest/node_
modules/vite/dist/nod
e/module-runner.js:49
1:33)
      at ServerModule
Runner.getModuleInfor
mation (file:///C:/Us
ers/Arjun/Desktop/New
%20folder/projects/ma
gicslides/node_module
s/vitest/node_modules
/vite/dist/node/modul
e-runner.js:1086:7)
      at ServerModule
Runner.import (file:/
//C:/Users/Arjun/Desk
top/New%20folder/proj
ects/magicslides/node
_modules/vitest/node_
modules/vite/dist/nod
e/module-runner.js:10
13:23)
      at loadCustomRe
porterModule (file://
/C:/Users/Arjun/Deskt
op/New%20folder/proje
cts/magicslides/node_
modules/vitest/dist/c
hunks/cli-api.B7PN_QU
v.js:10591:26)
      at file:///C:/U
sers/Arjun/Desktop/Ne
w%20folder/projects/m
agicslides/node_modul
es/vitest/dist/chunks
/cli-api.B7PN_QUv.js:
10609:23
      at async 
Promise.all (index 0)
      at 
Vitest._setServer (fi
le:///C:/Users/Arjun/
Desktop/New%20folder/
projects/magicslides/
node_modules/vitest/d
ist/chunks/cli-api.B7
PN_QUv.js:12251:138)
      at BasicMinimal
PluginContext.handler
 (file:///C:/Users/Ar
jun/Desktop/New%20fol
der/projects/magicsli
des/node_modules/vite
st/dist/chunks/cli-ap
i.B7PN_QUv.js:13158:6
)
      at 
_createServer (file:/
//C:/Users/Arjun/Desk
top/New%20folder/proj
ects/magicslides/node
_modules/vitest/node_
modules/vite/dist/nod
e/chunks/config.js:25
603:86) {
    code: 
'ERR_LOAD_URL',
    runnerError: 
Error: RunnerError
        at 
reviveInvokeError (fi
le:///C:/Users/Arjun/
Desktop/New%20folder/
projects/magicslides/
node_modules/vitest/n
ode_modules/vite/dist
/node/module-runner.j
s:476:64)
        at 
Object.invoke (file:/
//C:/Users/Arjun/Desk
top/New%20folder/proj
ects/magicslides/node
_modules/vitest/node_
modules/vite/dist/nod
e/module-runner.js:49
1:33)
        at ServerModu
leRunner.getModuleInf
ormation (file:///C:/
Users/Arjun/Desktop/N
ew%20folder/projects/
magicslides/node_modu
les/vitest/node_modul
es/vite/dist/node/mod
ule-runner.js:1086:7)
        at ServerModu
leRunner.import (file
:///C:/Users/Arjun/De
sktop/New%20folder/pr
ojects/magicslides/no
de_modules/vitest/nod
e_modules/vite/dist/n
ode/module-runner.js:
1013:23)
        at loadCustom
ReporterModule (file:
///C:/Users/Arjun/Des
ktop/New%20folder/pro
jects/magicslides/nod
e_modules/vitest/dist
/chunks/cli-api.B7PN_
QUv.js:10591:26)
        at file:///C:
/Users/Arjun/Desktop/
New%20folder/projects
/magicslides/node_mod
ules/vitest/dist/chun
ks/cli-api.B7PN_QUv.j
s:10609:23
        at async 
Promise.all (index 0)
        at 
Vitest._setServer (fi
le:///C:/Users/Arjun/
Desktop/New%20folder/
projects/magicslides/
node_modules/vitest/d
ist/chunks/cli-api.B7
PN_QUv.js:12251:138)
        at BasicMinim
alPluginContext.handl
er (file:///C:/Users/
Arjun/Desktop/New%20f
older/projects/magics
lides/node_modules/vi
test/dist/chunks/cli-
api.B7PN_QUv.js:13158
:6)
        at 
_createServer (file:/
//C:/Users/Arjun/Desk
top/New%20folder/proj
ects/magicslides/node
_modules/vitest/node_
modules/vite/dist/nod
e/chunks/config.js:25
603:86)
  }
}



